  Determining projects to restore...
  All projects are up-to-date for restore.
c:\Users\OLUWATO2\GhostBar\Logger.cs(66,59): warning CS8632: The annotation for nullable reference types should only be used in code within a '#nullable' annotations context. [c:\Users\OLUWATO2\GhostBar\GhostBar.csproj]
c:\Users\OLUWATO2\GhostBar\MainWindow.xaml.cs(263,30): error CS0104: 'Brushes' is an ambiguous reference between 'System.Drawing.Brushes' and 'System.Windows.Media.Brushes' [c:\Users\OLUWATO2\GhostBar\GhostBar.csproj]
c:\Users\OLUWATO2\GhostBar\MainWindow.xaml.cs(280,31): error CS0104: 'Button' is an ambiguous reference between 'System.Windows.Controls.Button' and 'System.Windows.Forms.Button' [c:\Users\OLUWATO2\GhostBar\GhostBar.csproj]
c:\Users\OLUWATO2\GhostBar\MainWindow.xaml.cs(286,30): error CS0104: 'Brushes' is an ambiguous reference between 'System.Drawing.Brushes' and 'System.Windows.Media.Brushes' [c:\Users\OLUWATO2\GhostBar\GhostBar.csproj]
c:\Users\OLUWATO2\GhostBar\TranscriptionService.cs(22,24): warning CS0414: The field 'TranscriptionService._audioTimeOffset' is assigned but its value is never used [c:\Users\OLUWATO2\GhostBar\GhostBar.csproj]

Build FAILED.

c:\Users\OLUWATO2\GhostBar\Logger.cs(66,59): warning CS8632: The annotation for nullable reference types should only be used in code within a '#nullable' annotations context. [c:\Users\OLUWATO2\GhostBar\GhostBar.csproj]
c:\Users\OLUWATO2\GhostBar\TranscriptionService.cs(22,24): warning CS0414: The field 'TranscriptionService._audioTimeOffset' is assigned but its value is never used [c:\Users\OLUWATO2\GhostBar\GhostBar.csproj]
c:\Users\OLUWATO2\GhostBar\MainWindow.xaml.cs(263,30): error CS0104: 'Brushes' is an ambiguous reference between 'System.Drawing.Brushes' and 'System.Windows.Media.Brushes' [c:\Users\OLUWATO2\GhostBar\GhostBar.csproj]
c:\Users\OLUWATO2\GhostBar\MainWindow.xaml.cs(280,31): error CS0104: 'Button' is an ambiguous reference between 'System.Windows.Controls.Button' and 'System.Windows.Forms.Button' [c:\Users\OLUWATO2\GhostBar\GhostBar.csproj]
c:\Users\OLUWATO2\GhostBar\MainWindow.xaml.cs(286,30): error CS0104: 'Brushes' is an ambiguous reference between 'System.Drawing.Brushes' and 'System.Windows.Media.Brushes' [c:\Users\OLUWATO2\GhostBar\GhostBar.csproj]
    2 Warning(s)
    3 Error(s)

Time Elapsed 00:00:01.75
